<html>
<body>
<pre>
<h1>µVision Build Log</h1>
<h2>Tool Versions:</h2>
IDE-Version: µVision V5.37.0.0
Copyright (C) 2022 ARM Ltd and ARM Germany GmbH. All rights reserved.
License Information: Abdullah Qabbani, Udacity, LIC=----
 
Tool Versions:
Toolchain:       MDK-Lite  Version: 5.37.0.0
Toolchain Path:  C:\Keil_v5\ARM\ARMCLANG\Bin
C Compiler:      ArmClang.exe V6.18
Assembler:       Armasm.exe V6.18
Linker/Locator:  ArmLink.exe V6.18
Library Manager: ArmAr.exe V6.18
Hex Converter:   FromElf.exe V6.18
CPU DLL:         SARMCM3.DLL V5.37.0.0
Dialog DLL:      DCM.DLL V1.17.5.0
Target DLL:      UL2CM3.DLL V1.164.7.0
Dialog DLL:      TCM.DLL V1.56.1.0
 
<h2>Project:</h2>
C:\Users\mhama\Documents\u VisionProjects\COTS\TASK1 LED.uvprojx
Project File Date:  08/27/2022

<h2>Output:</h2>
*** Using Compiler 'V6.18', folder: 'C:\Keil_v5\ARM\ARMCLANG\Bin'
Build target 'Target 1'
COTS/APP/main.c(18): warning: implicit conversion changes signedness: 'int' to 'unsigned long' [-Wsign-conversion]
         CLR_BIT(GPIO_PORTF_AFSEL,Dio_Channel2);
         ^~~~~~~~~~~~~~~~~~~~~~~~~~~~~~~~~~~~~~
./COTS/SERVICES\Bit_Math.h(6): note: expanded from macro 'CLR_BIT'
#define CLR_BIT(Reg,BitNo)  (  (Reg) &= ~(1<<BitNo) )
                                     ~~ ^~~~~~~~~~~
COTS/APP/main.c(26): warning: implicit conversion changes signedness: 'int' to 'unsigned long' [-Wsign-conversion]
         CLR_BIT(GPIO_PORTF_DATA,Dio_Channel2);
         ^~~~~~~~~~~~~~~~~~~~~~~~~~~~~~~~~~~~~
./COTS/SERVICES\Bit_Math.h(6): note: expanded from macro 'CLR_BIT'
#define CLR_BIT(Reg,BitNo)  (  (Reg) &= ~(1<<BitNo) )
                                     ~~ ^~~~~~~~~~~
COTS/APP/main.c(32): warning: implicit conversion changes signedness: 'int' to 'unsigned long' [-Wsign-conversion]
         CLR_BIT(TIMER0_CTL,Dio_Channel0);
         ^~~~~~~~~~~~~~~~~~~~~~~~~~~~~~~~
./COTS/SERVICES\Bit_Math.h(6): note: expanded from macro 'CLR_BIT'
#define CLR_BIT(Reg,BitNo)  (  (Reg) &= ~(1<<BitNo) )
                                     ~~ ^~~~~~~~~~~
COTS/APP/main.c(38): warning: implicit conversion changes signedness: 'int' to 'unsigned long' [-Wsign-conversion]
         CLR_BIT(TIMER0_TAMR,Dio_Channel4);
         ^~~~~~~~~~~~~~~~~~~~~~~~~~~~~~~~~
./COTS/SERVICES\Bit_Math.h(6): note: expanded from macro 'CLR_BIT'
#define CLR_BIT(Reg,BitNo)  (  (Reg) &= ~(1<<BitNo) )
                                     ~~ ^~~~~~~~~~~
COTS/APP/main.c(55): warning: no newline at end of file [-Wnewline-eof]
 
 ^
5 warnings generated.
compiling main.c...
linking...
Program Size: Code=1052 RO-data=636 RW-data=0 ZI-data=608  
FromELF: creating hex file...
".\Objects\TASK1 LED.axf" - 0 Error(s), 5 Warning(s).

<h2>Software Packages used:</h2>

Package Vendor: ARM
                http://www.keil.com/pack/ARM.CMSIS.5.9.0.pack
                ARM.CMSIS.5.9.0
                CMSIS (Common Microcontroller Software Interface Standard)
   * Component: CORE Version: 5.6.0

Package Vendor: Keil
                http://www.keil.com/pack/Keil.TM4C_DFP.1.1.0.pack
                Keil.TM4C_DFP.1.1.0
                Texas Instruments Tiva C Series Device Support and Examples
   * Component: Startup Version: 1.0.1

<h2>Collection of Component include folders:</h2>
  ./RTE/_Target_1
  C:/Users/mhama/AppData/Local/Arm/Packs/ARM/CMSIS/5.9.0/CMSIS/Core/Include
  C:/Users/mhama/AppData/Local/Arm/Packs/Keil/TM4C_DFP/1.1.0/Device/Include/TM4C123

<h2>Collection of Component Files used:</h2>

   * Component: ARM::CMSIS:CORE:5.6.0

   * Component: Keil::Device:Startup:1.0.1
      Include file:  Device/Include/TM4C123/TM4C123.h
      Source file:   Device/Source/ARM/startup_TM4C123.s
      Source file:   Device/Source/system_TM4C123.c
Build Time Elapsed:  00:00:01
</pre>
</body>
</html>
